\BOOKMARK [1][-]{section.1}{\376\377\000R\000e\000s\000u\000m\000e\000n}{}% 1
\BOOKMARK [1][-]{section.2}{\376\377\000O\000b\000j\000e\000t\000i\000v\000o\000s}{}% 2
\BOOKMARK [2][-]{subsection.2.1}{\376\377\000O\000b\000j\000e\000t\000i\000v\000o\000\040\000g\000e\000n\000e\000r\000a\000l}{section.2}% 3
\BOOKMARK [2][-]{subsection.2.2}{\376\377\000O\000b\000j\000e\000t\000i\000v\000o\000s\000\040\000e\000s\000p\000e\000c\000\355\000f\000i\000c\000o\000s}{section.2}% 4
\BOOKMARK [1][-]{section.3}{\376\377\000F\000u\000n\000d\000a\000m\000e\000n\000t\000o\000\040\000t\000e\000\363\000r\000i\000c\000o}{}% 5
\BOOKMARK [2][-]{subsection.3.1}{\376\377\000M\000a\000r\000c\000o\000\040\000n\000o\000r\000m\000a\000t\000i\000v\000o\000\040\000a\000p\000l\000i\000c\000a\000d\000o\000\040\000a\000\040\000l\000a\000\040\000v\000a\000l\000i\000d\000a\000c\000i\000\363\000n\000\040\000y\000\040\000g\000e\000s\000t\000i\000\363\000n}{section.3}% 6
\BOOKMARK [2][-]{subsection.3.2}{\376\377\000V\000a\000l\000i\000d\000a\000c\000i\000\363\000n\000\040\000d\000e\000\040\000r\000e\000q\000u\000i\000s\000i\000t\000o\000s}{section.3}% 7
\BOOKMARK [3][-]{subsubsection.3.2.1}{\376\377\000V\000e\000r\000i\000f\000i\000c\000a\000c\000i\000\363\000n\000\040\000v\000s\000.\000\040\000v\000a\000l\000i\000d\000a\000c\000i\000\363\000n}{subsection.3.2}% 8
\BOOKMARK [3][-]{subsubsection.3.2.2}{\376\377\000T\000\351\000c\000n\000i\000c\000a\000s\000\040\000d\000e\000\040\000v\000a\000l\000i\000d\000a\000c\000i\000\363\000n\000:\000\040\000r\000e\000v\000i\000s\000i\000\363\000n\000,\000\040\000w\000a\000l\000k\000t\000h\000r\000o\000u\000g\000h\000,\000\040\000i\000n\000s\000p\000e\000c\000c\000i\000\363\000n\000,\000\040\000p\000r\000o\000t\000o\000t\000i\000p\000a\000d\000o\000\040\000y\000\040\000l\000i\000s\000t\000a\000s\000\040\000d\000e\000\040\000v\000e\000r\000i\000f\000i\000c\000a\000c\000i\000\363\000n}{subsection.3.2}% 9
\BOOKMARK [3][-]{subsubsection.3.2.3}{\376\377\000M\000\351\000t\000o\000d\000o\000\040\000F\000a\000g\000a\000n\000:\000\040\000f\000a\000s\000e\000s\000\040\000y\000\040\000r\000o\000l\000e\000s}{subsection.3.2}% 10
\BOOKMARK [3][-]{subsubsection.3.2.4}{\376\377\000M\000\351\000t\000r\000i\000c\000a\000s\000\040\000d\000e\000\040\000i\000n\000s\000p\000e\000c\000c\000i\000\363\000n}{subsection.3.2}% 11
\BOOKMARK [3][-]{subsubsection.3.2.5}{\376\377\000C\000a\000s\000o\000\040\000d\000e\000\040\000e\000s\000t\000u\000d\000i\000o\000\040\000/\000\040\000e\000j\000e\000m\000p\000l\000o\000\040\000a\000p\000l\000i\000c\000a\000d\000o}{subsection.3.2}% 12
\BOOKMARK [2][-]{subsection.3.3}{\376\377\000G\000e\000s\000t\000i\000\363\000n\000\040\000d\000e\000\040\000r\000e\000q\000u\000i\000s\000i\000t\000o\000s}{section.3}% 13
\BOOKMARK [3][-]{subsubsection.3.3.1}{\376\377\000C\000o\000n\000f\000i\000g\000u\000r\000a\000c\000i\000\363\000n\000\040\000d\000e\000l\000\040\000E\000R\000S\000,\000\040\000l\000\355\000n\000e\000a\000\040\000b\000a\000s\000e\000\040\000y\000\040\000v\000e\000r\000s\000i\000o\000n\000a\000d\000o}{subsection.3.3}% 14
\BOOKMARK [3][-]{subsubsection.3.3.2}{\376\377\000A\000t\000r\000i\000b\000u\000t\000o\000s\000\040\000d\000e\000\040\000r\000e\000q\000u\000i\000s\000i\000t\000o\000s}{subsection.3.3}% 15
\BOOKMARK [3][-]{subsubsection.3.3.3}{\376\377\000T\000r\000a\000z\000a\000b\000i\000l\000i\000d\000a\000d\000:\000\040\000p\000r\000e\000/\000p\000o\000s\000t\000-\000t\000r\000a\000c\000e\000a\000b\000i\000l\000i\000t\000y\000\040\000y\000\040\000m\000a\000t\000r\000i\000z}{subsection.3.3}% 16
\BOOKMARK [3][-]{subsubsection.3.3.4}{\376\377\000P\000r\000o\000c\000e\000s\000o\000\040\000d\000e\000\040\000c\000a\000m\000b\000i\000o\000:\000\040\000R\000F\000C\000\040\000\040\000i\000m\000p\000a\000c\000t\000o\000\040\000\040\000C\000C\000B\000\040\000\040\000i\000m\000p\000l\000e\000m\000e\000n\000t\000a\000c\000i\000\363\000n\000\040\000\040\000c\000i\000e\000r\000r\000e}{subsection.3.3}% 17
\BOOKMARK [3][-]{subsubsection.3.3.5}{\376\377\000M\000\351\000t\000r\000i\000c\000a\000s\000\040\000d\000e\000\040\000v\000o\000l\000a\000t\000i\000l\000i\000d\000a\000d}{subsection.3.3}% 18
\BOOKMARK [2][-]{subsection.3.4}{\376\377\000H\000e\000r\000r\000a\000m\000i\000e\000n\000t\000a\000s\000\040\000C\000A\000S\000E\000\040\000p\000a\000r\000a\000\040\000I\000R}{section.3}% 19
\BOOKMARK [3][-]{subsubsection.3.4.1}{\376\377\000C\000l\000a\000s\000i\000f\000i\000c\000a\000c\000i\000\363\000n\000:\000\040\000u\000p\000p\000e\000r\000,\000\040\000l\000o\000w\000e\000r\000\040\000e\000\040\000i\000n\000t\000e\000g\000r\000a\000t\000e\000d}{subsection.3.4}% 20
\BOOKMARK [3][-]{subsubsection.3.4.2}{\376\377\000F\000u\000n\000c\000i\000o\000n\000a\000l\000i\000d\000a\000d\000e\000s\000\040\000e\000s\000p\000e\000r\000a\000b\000l\000e\000s}{subsection.3.4}% 21
\BOOKMARK [3][-]{subsubsection.3.4.3}{\376\377\000C\000r\000i\000t\000e\000r\000i\000o\000s\000\040\000d\000e\000\040\000s\000e\000l\000e\000c\000c\000i\000\363\000n\000,\000\040\000l\000i\000m\000i\000t\000a\000c\000i\000o\000n\000e\000s\000\040\000y\000\040\000c\000o\000s\000t\000o\000s}{subsection.3.4}% 22
\BOOKMARK [2][-]{subsection.3.5}{\376\377\000I\000R\000\040\000e\000n\000\040\000p\000r\000o\000c\000e\000s\000o\000s\000\040\000\341\000g\000i\000l\000e\000s}{section.3}% 23
\BOOKMARK [3][-]{subsubsection.3.5.1}{\376\377\000B\000a\000c\000k\000l\000o\000g\000,\000\040\000h\000i\000s\000t\000o\000r\000i\000a\000s\000\040\000d\000e\000\040\000u\000s\000u\000a\000r\000i\000o\000\040\000y\000\040\000c\000r\000i\000t\000e\000r\000i\000o\000s\000\040\000d\000e\000\040\000a\000c\000e\000p\000t\000a\000c\000i\000\363\000n}{subsection.3.5}% 24
\BOOKMARK [3][-]{subsubsection.3.5.2}{\376\377\000G\000r\000o\000o\000m\000i\000n\000g\000\040\000y\000\040\000D\000e\000f\000i\000n\000i\000t\000i\000o\000n\000\040\000o\000f\000\040\000R\000e\000a\000d\000y\000/\000D\000o\000n\000e}{subsection.3.5}% 25
\BOOKMARK [3][-]{subsubsection.3.5.3}{\376\377\000B\000D\000D\000\040\000y\000\040\000f\000o\000r\000m\000a\000t\000o\000\040\000G\000h\000e\000r\000k\000i\000n}{subsection.3.5}% 26
\BOOKMARK [3][-]{subsubsection.3.5.4}{\376\377\000T\000r\000a\000z\000a\000b\000i\000l\000i\000d\000a\000d\000\040\000e\000n\000\040\000e\000n\000t\000o\000r\000n\000o\000s\000\040\000\341\000g\000i\000l\000e\000s}{subsection.3.5}% 27
\BOOKMARK [3][-]{subsubsection.3.5.5}{\376\377\000C\000o\000n\000t\000r\000a\000s\000t\000e\000\040\000e\000n\000t\000r\000e\000\040\000I\000R\000\040\000d\000o\000c\000u\000m\000e\000n\000t\000a\000l\000\040\000e\000\040\000I\000R\000\040\000\341\000g\000i\000l}{subsection.3.5}% 28
\BOOKMARK [1][-]{section.4}{\376\377\000I\000n\000s\000p\000e\000c\000c\000i\000\363\000n\000\040\000F\000a\000g\000a\000n}{}% 29
\BOOKMARK [2][-]{subsection.4.1}{\376\377\000R\000o\000l\000e\000s\000\040\000y\000\040\000a\000l\000c\000a\000n\000c\000e}{section.4}% 30
\BOOKMARK [2][-]{subsection.4.2}{\376\377\000P\000r\000e\000p\000a\000r\000a\000c\000i\000\363\000n\000\040\000i\000n\000d\000i\000v\000i\000d\000u\000a\000l}{section.4}% 31
\BOOKMARK [2][-]{subsection.4.3}{\376\377\000A\000c\000t\000a\000\040\000d\000e\000\040\000l\000a\000\040\000r\000e\000u\000n\000i\000\363\000n\000\040\000d\000e\000\040\000i\000n\000s\000p\000e\000c\000c\000i\000\363\000n}{section.4}% 32
\BOOKMARK [2][-]{subsection.4.4}{\376\377\000R\000e\000g\000i\000s\000t\000r\000o\000\040\000d\000e\000\040\000d\000e\000f\000e\000c\000t\000o\000s}{section.4}% 33
\BOOKMARK [2][-]{subsection.4.5}{\376\377\000M\000\351\000t\000r\000i\000c\000a\000s\000\040\000e\000\040\000i\000n\000t\000e\000r\000p\000r\000e\000t\000a\000c\000i\000\363\000n}{section.4}% 34
\BOOKMARK [3][-]{subsubsection.4.5.1}{\376\377\000D\000e\000n\000s\000i\000d\000a\000d\000\040\000d\000e\000\040\000d\000e\000f\000e\000c\000t\000o\000s}{subsection.4.5}% 35
\BOOKMARK [3][-]{subsubsection.4.5.2}{\376\377\000D\000i\000s\000t\000r\000i\000b\000u\000c\000i\000\363\000n\000\040\000p\000o\000r\000\040\000t\000i\000p\000o}{subsection.4.5}% 36
\BOOKMARK [3][-]{subsubsection.4.5.3}{\376\377\000D\000i\000s\000t\000r\000i\000b\000u\000c\000i\000\363\000n\000\040\000p\000o\000r\000\040\000s\000e\000v\000e\000r\000i\000d\000a\000d}{subsection.4.5}% 37
\BOOKMARK [3][-]{subsubsection.4.5.4}{\376\377\000T\000a\000s\000a\000\040\000d\000e\000\040\000d\000e\000t\000e\000c\000c\000i\000\363\000n\000\040\000p\000o\000r\000\040\000i\000n\000s\000p\000e\000c\000t\000o\000r}{subsection.4.5}% 38
\BOOKMARK [3][-]{subsubsection.4.5.5}{\376\377\000E\000s\000f\000u\000e\000r\000z\000o\000\040\000e\000n\000\040\000h\000o\000r\000a\000s\000-\000p\000e\000r\000s\000o\000n\000a}{subsection.4.5}% 39
\BOOKMARK [1][-]{section.5}{\376\377\000C\000o\000r\000r\000e\000c\000c\000i\000o\000n\000e\000s\000\040\000a\000p\000l\000i\000c\000a\000d\000a\000s}{}% 40
\BOOKMARK [1][-]{section.6}{\376\377\000G\000e\000s\000t\000i\000\363\000n\000\040\000d\000e\000l\000\040\000c\000a\000m\000b\000i\000o\000\040\000y\000\040\000C\000C\000B}{}% 41
\BOOKMARK [2][-]{subsection.6.1}{\376\377\000R\000F\000C\000-\0000\0001}{section.6}% 42
\BOOKMARK [2][-]{subsection.6.2}{\376\377\000R\000F\000C\000-\0000\0002}{section.6}% 43
\BOOKMARK [2][-]{subsection.6.3}{\376\377\000R\000F\000C\000-\0000\0003}{section.6}% 44
\BOOKMARK [2][-]{subsection.6.4}{\376\377\000A\000c\000t\000a\000\040\000d\000e\000l\000\040\000C\000C\000B}{section.6}% 45
\BOOKMARK [2][-]{subsection.6.5}{\376\377\000V\000e\000r\000s\000i\000\363\000n\000\040\000a\000c\000t\000u\000a\000l\000i\000z\000a\000d\000a\000\040\000d\000e\000l\000\040\000E\000R\000S}{section.6}% 46
\BOOKMARK [1][-]{section.7}{\376\377\000T\000r\000a\000z\000a\000b\000i\000l\000i\000d\000a\000d\000\040\000e\000n\000\040\000h\000e\000r\000r\000a\000m\000i\000e\000n\000t\000a\000\040\000C\000A\000S\000E}{}% 47
\BOOKMARK [2][-]{subsection.7.1}{\376\377\000E\000s\000t\000r\000u\000c\000t\000u\000r\000a\000\040\000d\000e\000l\000\040\000t\000a\000b\000l\000e\000r\000o}{section.7}% 48
\BOOKMARK [2][-]{subsection.7.2}{\376\377\000C\000a\000m\000p\000o\000s\000\040\000p\000e\000r\000s\000o\000n\000a\000l\000i\000z\000a\000d\000o\000s}{section.7}% 49
\BOOKMARK [2][-]{subsection.7.3}{\376\377\000T\000r\000a\000z\000a\000b\000i\000l\000i\000d\000a\000d\000\040\000b\000i\000d\000i\000r\000e\000c\000c\000i\000o\000n\000a\000l}{section.7}% 50
\BOOKMARK [2][-]{subsection.7.4}{\376\377\000E\000v\000i\000d\000e\000n\000c\000i\000a}{section.7}% 51
\BOOKMARK [2][-]{subsection.7.5}{\376\377\000M\000a\000t\000r\000i\000z\000\040\000d\000e\000\040\000t\000r\000a\000z\000a\000b\000i\000l\000i\000d\000a\000d}{section.7}% 52
\BOOKMARK [1][-]{section.8}{\376\377\000L\000\355\000n\000e\000a\000\040\000b\000a\000s\000e\000\040\000c\000o\000n\000\040\000G\000i\000t}{}% 53
\BOOKMARK [2][-]{subsection.8.1}{\376\377\000R\000e\000p\000o\000s\000i\000t\000o\000r\000i\000o\000\040\000y\000\040\000e\000s\000t\000r\000u\000c\000t\000u\000r\000a\000\040\000d\000e\000\040\000c\000a\000r\000p\000e\000t\000a\000s}{section.8}% 54
\BOOKMARK [2][-]{subsection.8.2}{\376\377\000H\000i\000s\000t\000o\000r\000i\000a\000l\000\040\000d\000e\000\040\000c\000o\000m\000m\000i\000t\000s}{section.8}% 55
\BOOKMARK [2][-]{subsection.8.3}{\376\377\000T\000a\000g\000\040\000a\000n\000o\000t\000a\000d\000o\000\040\000d\000e\000\040\000b\000a\000s\000e\000l\000i\000n\000e}{section.8}% 56
\BOOKMARK [2][-]{subsection.8.4}{\376\377\000C\000H\000A\000N\000G\000E\000L\000O\000G\000.\000m\000d}{section.8}% 57
\BOOKMARK [2][-]{subsection.8.5}{\376\377\000C\000a\000p\000t\000u\000r\000a\000s\000\040\000d\000e\000l\000\040\000h\000i\000s\000t\000o\000r\000i\000a\000l}{section.8}% 58
\BOOKMARK [1][-]{section.9}{\376\377\000C\000o\000m\000p\000a\000r\000a\000t\000i\000v\000a\000\040\000d\000e\000\040\000h\000e\000r\000r\000a\000m\000i\000e\000n\000t\000a\000s\000\040\000C\000A\000S\000E}{}% 59
\BOOKMARK [1][-]{section.10}{\376\377\000I\000R\000\040\000t\000r\000a\000d\000i\000c\000i\000o\000n\000a\000l\000\040\000f\000r\000e\000n\000t\000e\000\040\000a\000\040\000I\000R\000\040\000\341\000g\000i\000l}{}% 60
\BOOKMARK [1][-]{section.11}{\376\377\000C\000o\000n\000c\000l\000u\000s\000i\000o\000n\000e\000s\000\040\000c\000r\000\355\000t\000i\000c\000a\000s}{}% 61
\BOOKMARK [1][-]{section.12}{\376\377\000D\000i\000s\000t\000r\000i\000b\000u\000c\000i\000\363\000n\000\040\000d\000e\000l\000\040\000t\000r\000a\000b\000a\000j\000o}{}% 62
\BOOKMARK [1][-]{section.13}{\376\377\000R\000e\000f\000e\000r\000e\000n\000c\000i\000a\000s}{}% 63
\BOOKMARK [1][-]{section.14}{\376\377\000A\000n\000e\000x\000o\000s}{}% 64
\BOOKMARK [2][-]{subsection.14.1}{\376\377\000A\000n\000e\000x\000o\000\040\000A}{section.14}% 65
\BOOKMARK [2][-]{subsection.14.2}{\376\377\000A\000n\000e\000x\000o\000\040\000B}{section.14}% 66
\BOOKMARK [2][-]{subsection.14.3}{\376\377\000A\000n\000e\000x\000o\000\040\000C}{section.14}% 67
\BOOKMARK [2][-]{subsection.14.4}{\376\377\000A\000n\000e\000x\000o\000\040\000D}{section.14}% 68
\BOOKMARK [2][-]{subsection.14.5}{\376\377\000A\000n\000e\000x\000o\000\040\000E}{section.14}% 69
\BOOKMARK [2][-]{subsection.14.6}{\376\377\000A\000n\000e\000x\000o\000\040\000F}{section.14}% 70
